<html>
<body>
<pre>
<h1>�Vision Build Log</h1>
<h2>Tool Versions:</h2>
IDE-Version: ��Vision V5.40.0.0
Copyright (C) 2024 ARM Ltd and ARM Germany GmbH. All rights reserved.
License Information: adsda ada, ada, LIC=MPPLD-8FHM0-PC7J8-3ILKB-ILF2Q-5VC0F
 
Tool Versions:
Toolchain:       MDK-ARM Plus  Version: 5.40.0.3
Toolchain Path:  D:\keil\core\ARM\ARMCLANG\Bin
C Compiler:      ArmClang.exe V6.22
Assembler:       Armasm.exe V6.22
Linker/Locator:  ArmLink.exe V6.22
Library Manager: ArmAr.exe V6.22
Hex Converter:   FromElf.exe V6.22
CPU DLL:         SARMCM3.DLL V5.40.0.3
Dialog DLL:      DCM.DLL V1.17.5.0
Target DLL:      CMSIS_AGDI.dll V1.33.18.0
Dialog DLL:      TCM.DLL V1.56.4.0
 
<h2>Project:</h2>
E:\STM32PRJ\F407VGT6\RoboTech_Courier\MDK-ARM\Express_courier.uvprojx
Project File Date:  09/18/2025

<h2>Output:</h2>
*** Using Compiler 'V6.22', folder: 'D:\keil\core\ARM\ARMCLANG\Bin'
Build target 'Express_courier'
bsp/maincpp.cpp(18): warning: In file included from...
bsp\Kinematic.h(76): warning: inline variables are a C++17 extension [-Wc++17-extensions]
   76 | inline KinematicOdom_t KinematicOdom;
      | ^
bsp/maincpp.cpp(20): warning: In file included from...
bsp\controller.h(74): warning: inline variables are a C++17 extension [-Wc++17-extensions]
   74 | inline StepController_t Controller; // 全局控制器实例
      | ^
bsp/maincpp.cpp(21): warning: In file included from...
bsp\host_control.hpp(18): warning: In file included from...
bsp\planner.h(38): warning: inline variables are a C++17 extension [-Wc++17-extensions]
   38 | inline Planner_t Planner;
      | ^
bsp/maincpp.cpp(21): warning: In file included from...
bsp\host_control.hpp(128): warning: inline variables are a C++17 extension [-Wc++17-extensions]
  128 | inline HostControl_t * HostPtr = nullptr; // 全局指针,用于访问上位机控制类
      | ^
bsp/maincpp.cpp(25): warning: In file included from...
bsp\ch040.h(61): warning: inline variables are a C++17 extension [-Wc++17-extensions]
   61 | inline ch040_t ch040; // 声明一个全局变量
      | ^
5 warnings generated.
compiling maincpp.cpp...
linking...
Program Size: Code=48072 RO-data=900 RW-data=16 ZI-data=28608  
FromELF: creating hex file...
"Express_courier\Express_courier.axf" - 0 Error(s), 5 Warning(s).

<h2>Software Packages used:</h2>

Package Vendor: ARM
                https://www.keil.com/pack/ARM.CMSIS.6.1.0.pack
                ARM::CMSIS@6.1.0
                CMSIS (Common Microcontroller Software Interface Standard)
   * Component: CORE Version: 6.1.0

Package Vendor: Keil
                https://www.keil.com/pack/Keil.STM32F4xx_DFP.3.1.0.pack
                Keil::STM32F4xx_DFP@3.1.0
                STMicroelectronics STM32F4 Series Device Support

<h2>Collection of Component include folders:</h2>
  ./RTE/_Express_courier
  D:/keil/pack/ARM/CMSIS/6.1.0/CMSIS/Core/Include

<h2>Collection of Component Files used:</h2>

   * Component: ARM::CMSIS:CORE@6.1.0
      Include file:  CMSIS/Core/Include/tz_context.h
Build Time Elapsed:  00:00:00
</pre>
</body>
</html>
